// Jest Snapshot v1, https://goo.gl/fbAQLP

exports[`App component renders correctly according to the snapshot 1`] = `
<DocumentFragment>
  <div
    class="css-wa68tp"
  >
    <div
      class="css-1dcuefj"
    >
      <div
        class="css-1yi0olm"
      >
        <div
          class="chakra-form-control css-1kxonj9"
          role="group"
        >
          <form
            class="css-1m42ln8"
          >
            <input
              class="chakra-input css-102u4x6"
              id="field-:r1:"
              placeholder="Enter repo URL"
              type="text"
              value=""
            />
            <button
              class="chakra-button css-19tgw0z"
              type="submit"
            >
              Load issues
            </button>
          </form>
        </div>
      </div>
      <div
        class="css-pbew5c"
      >
        <div
          class="css-5dlt6v"
        >
          <div
            class="css-xnby5e"
          >
            <div
              class="css-116cwdx"
            >
              <h3
                class="chakra-heading css-5ms7ou"
              >
                To Do
              </h3>
              <div
                class="columnAddItem css-hrbizy"
                data-rbd-droppable-context-id="1"
                data-rbd-droppable-id="toDo"
              />
            </div>
            <div
              class="css-116cwdx"
            >
              <h3
                class="chakra-heading css-5ms7ou"
              >
                In Progress
              </h3>
              <div
                class="columnAddItem css-hrbizy"
                data-rbd-droppable-context-id="1"
                data-rbd-droppable-id="inProgress"
              />
            </div>
            <div
              class="css-116cwdx"
            >
              <h3
                class="chakra-heading css-5ms7ou"
              >
                Done
              </h3>
              <div
                class="columnAddItem css-hrbizy"
                data-rbd-droppable-context-id="1"
                data-rbd-droppable-id="done"
              />
            </div>
          </div>
        </div>
      </div>
    </div>
  </div>
  <span
    hidden=""
    id="__chakra_env"
  />
</DocumentFragment>
`;
